../Core/User/hmi_tjc.c:1015:25:hmi_tjc_send_frame	8	static
../Core/User/hmi_tjc.c:744:25:hmi_tjc_append_terminator	4	static
../Core/User/hmi_tjc.c:373:25:hmi_tjc_append_text_command	32	static
../Core/User/hmi_tjc.c:420:16:hmi_tjc_format_runtime_frequency.constprop.isra	16	static
../Core/User/hmi_tjc.c:461:25:hmi_tjc_build_runtime_frame.constprop	648	static
../Core/User/hmi_tjc.c:209:16:hmi_tjc_prepare_channel_text.isra	80	static
../Core/User/hmi_tjc.c:651:18:hmi_tjc_build_frame	392	static
../Core/User/hmi_tjc.c:777:18:hmi_tjc_build_detail_frame	104	static
../Core/User/hmi_tjc.c:922:18:hmi_tjc_build_spectrum_frame	48	static
../Core/User/hmi_tjc.c:1051:6:hmi_tjc_bind_uart	16	static
../Core/User/hmi_tjc.c:1071:6:hmi_tjc_init	8	static
../Core/User/hmi_tjc.c:1099:6:hmi_tjc_process_input	16	static
../Core/User/hmi_tjc.c:1165:6:HAL_UART_RxCpltCallback	0	static
../Core/User/hmi_tjc.c:1179:6:HAL_UART_ErrorCallback	0	static
../Core/User/hmi_tjc.c:1194:6:hmi_tjc_process	16	static
../Core/User/hmi_tjc.c:1247:9:hmi_tjc_get_diagnostics	8	static
