../Core/User/measurement_fft.c:400:14:measurement_fft_band_power.constprop	0	static
../Core/User/measurement_fft.c:647:31:measurement_fft_analyze_channel.part.0	56	static
../Core/User/measurement_fft.c:125:7:measurement_fft_calibrate_frequency	0	static
../Core/User/measurement_fft.c:773:6:measurement_fft_init	16	static
../Core/User/measurement_fft.c:811:9:measurement_fft_ingest_pair	20	static
../Core/User/measurement_fft.c:853:6:measurement_fft_ingest_sample	4	static
../Core/User/measurement_fft.c:869:9:measurement_fft_sampling_required	0	static
../Core/User/measurement_fft.c:877:6:measurement_fft_resynchronize	4	static
../Core/User/measurement_fft.c:891:6:measurement_fft_process	272	static
../Core/User/measurement_fft.c:1126:9:measurement_fft_hmi_refresh_allowed	0	static
../Core/User/measurement_fft.c:1131:9:measurement_fft_get_diagnostics	8	static
../Core/User/measurement_fft.c:1141:9:measurement_fft_get_spectrum	8	static
../Core/User/measurement_fft.c:1151:9:measurement_fft_set_calibration	8	static
../Core/User/measurement_fft.c:1181:9:measurement_fft_get_calibration	0	static
