../Core/User/measurement_fft.c:367:14:measurement_fft_band_power.constprop	0	static
../Core/User/measurement_fft.c:614:31:measurement_fft_analyze_channel.part.0	56	static
../Core/User/measurement_fft.c:740:6:measurement_fft_init	16	static
../Core/User/measurement_fft.c:778:9:measurement_fft_ingest_pair	20	static
../Core/User/measurement_fft.c:820:6:measurement_fft_ingest_sample	4	static
../Core/User/measurement_fft.c:836:9:measurement_fft_sampling_required	0	static
../Core/User/measurement_fft.c:844:6:measurement_fft_resynchronize	4	static
../Core/User/measurement_fft.c:858:6:measurement_fft_process	272	static
../Core/User/measurement_fft.c:1084:9:measurement_fft_hmi_refresh_allowed	0	static
../Core/User/measurement_fft.c:1089:9:measurement_fft_get_diagnostics	8	static
../Core/User/measurement_fft.c:1099:9:measurement_fft_get_spectrum	8	static
../Core/User/measurement_fft.c:1109:9:measurement_fft_set_calibration	8	static
../Core/User/measurement_fft.c:1139:9:measurement_fft_get_calibration	0	static
